// Jest Snapshot v1, https://goo.gl/fbAQLP

exports[`Cars Component should render without crashing 1`] = `
<DocumentFragment>
  <div>
    Loading...
  </div>
</DocumentFragment>
`;
